[    0.000000] Linux version 4.15.0-212-generic (buildd@lcy02-amd64-083) (gcc version 7.5.0 (Ubuntu 7.5.0-3ubuntu1~18.04)) #223-Ubuntu SMP Tue May 23 13:09:22 UTC 2023 (Ubuntu 4.15.0-212.223-generic 4.15.18)
[    0.000000] Command line: BOOT_IMAGE=/boot/vmlinuz-4.15.0-212-generic root=LABEL=cloudimg-rootfs ro console=tty1 console=ttyS0
[    0.000000] KERNEL supported cpus:
[    0.000000]   Intel GenuineIntel
[    0.000000]   AMD AuthenticAMD
[    0.000000]   Centaur CentaurHauls
[    0.000000] x86/fpu: Supporting XSAVE feature 0x001: 'x87 floating point registers'
[    0.000000] x86/fpu: Supporting XSAVE feature 0x002: 'SSE registers'
[    0.000000] x86/fpu: Supporting XSAVE feature 0x004: 'AVX registers'
[    0.000000] x86/fpu: xstate_offset[2]:  576, xstate_sizes[2]:  256
[    0.000000] x86/fpu: Enabled xstate features 0x7, context size is 832 bytes, using 'standard' format.
[    0.000000] e820: BIOS-provided physical RAM map:
[    0.000000] BIOS-e820: [mem 0x0000000000000000-0x000000000009fbff] usable
[    0.000000] BIOS-e820: [mem 0x000000000009fc00-0x000000000009ffff] reserved
[    0.000000] BIOS-e820: [mem 0x00000000000f0000-0x00000000000fffff] reserved
[    0.000000] BIOS-e820: [mem 0x0000000000100000-0x000000001ffeffff] usable
[    0.000000] BIOS-e820: [mem 0x000000001fff0000-0x000000001fffffff] ACPI data
[    0.000000] BIOS-e820: [mem 0x00000000fec00000-0x00000000fec00fff] reserved
[    0.000000] BIOS-e820: [mem 0x00000000fee00000-0x00000000fee00fff] reserved
[    0.000000] BIOS-e820: [mem 0x00000000fffc0000-0x00000000ffffffff] reserved
[    0.000000] NX (Execute Disable) protection: active
[    0.000000] SMBIOS 2.5 present.
[    0.000000] DMI: innotek GmbH VirtualBox/VirtualBox, BIOS VirtualBox 12/01/2006
[    0.000000] Hypervisor detected: KVM
[    0.000000] e820: last_pfn = 0x1fff0 max_arch_pfn = 0x400000000
[    0.000000] MTRR: Disabled
[    0.000000] x86/PAT: MTRRs disabled, skipping PAT initialization too.
[    0.000000] CPU MTRRs all blank - virtualized system.
[    0.000000] x86/PAT: Configuration [0-7]: WB  WT  UC- UC  WB  WT  UC- UC  
[    0.000000] found SMP MP-table at [mem 0x0009fff0-0x0009ffff]
[    0.000000] Scanning 1 areas for low memory corruption
[    0.000000] RAMDISK: [mem 0x1db01000-0x1ee12fff]
[    0.000000] ACPI: Early table checksum verification disabled
[    0.000000] ACPI: RSDP 0x00000000000E0000 000024 (v02 VBOX  )
[    0.000000] ACPI: XSDT 0x000000001FFF0030 00003C (v01 VBOX   VBOXXSDT 00000001 ASL  00000061)
[    0.000000] ACPI: FACP 0x000000001FFF00F0 0000F4 (v04 VBOX   VBOXFACP 00000001 ASL  00000061)
[    0.000000] ACPI: DSDT 0x000000001FFF0470 002325 (v02 VBOX   VBOXBIOS 00000002 INTL 20200925)
[    0.000000] ACPI: FACS 0x000000001FFF0200 000040
[    0.000000] ACPI: FACS 0x000000001FFF0200 000040
[    0.000000] ACPI: APIC 0x000000001FFF0240 00005C (v02 VBOX   VBOXAPIC 00000001 ASL  00000061)
[    0.000000] ACPI: SSDT 0x000000001FFF02A0 0001CC (v01 VBOX   VBOXCPUT 00000002 INTL 20200925)
[    0.000000] ACPI: Reserving FACP table memory at [mem 0x1fff00f0-0x1fff01e3]
[    0.000000] ACPI: Reserving DSDT table memory at [mem 0x1fff0470-0x1fff2794]
[    0.000000] ACPI: Reserving FACS table memory at [mem 0x1fff0200-0x1fff023f]
[    0.000000] ACPI: Reserving FACS table memory at [mem 0x1fff0200-0x1fff023f]
[    0.000000] ACPI: Reserving APIC table memory at [mem 0x1fff0240-0x1fff029b]
[    0.000000] ACPI: Reserving SSDT table memory at [mem 0x1fff02a0-0x1fff046b]
[    0.000000] No NUMA configuration found
[    0.000000] Faking a node at [mem 0x0000000000000000-0x000000001ffeffff]
[    0.000000] NODE_DATA(0) allocated [mem 0x1ffc5000-0x1ffeffff]
[    0.000000] kvm-clock: cpu 0, msr 0:1ff44001, primary cpu clock
[    0.000000] kvm-clock: Using msrs 4b564d01 and 4b564d00
[    0.000000] kvm-clock: using sched offset of 6004622065 cycles
[    0.000000] clocksource: kvm-clock: mask: 0xffffffffffffffff max_cycles: 0x1cd42e4dffb, max_idle_ns: 881590591483 ns
[    0.000000] Zone ranges:
[    0.000000]   DMA      [mem 0x0000000000001000-0x0000000000ffffff]
[    0.000000]   DMA32    [mem 0x0000000001000000-0x000000001ffeffff]
[    0.000000]   Normal   empty
[    0.000000]   Device   empty
[    0.000000] Movable zone start for each node
[    0.000000] Early memory node ranges
[    0.000000]   node   0: [mem 0x0000000000001000-0x000000000009efff]
[    0.000000]   node   0: [mem 0x0000000000100000-0x000000001ffeffff]
[    0.000000] Reserved but unavailable: 104 pages
[    0.000000] Initmem setup node 0 [mem 0x0000000000001000-0x000000001ffeffff]
[    0.000000] ACPI: PM-Timer IO Port: 0x4008
[    0.000000] IOAPIC[0]: apic_id 2, version 32, address 0xfec00000, GSI 0-23
[    0.000000] ACPI: INT_SRC_OVR (bus 0 bus_irq 0 global_irq 2 dfl dfl)
[    0.000000] ACPI: INT_SRC_OVR (bus 0 bus_irq 9 global_irq 9 low level)
[    0.000000] Using ACPI (MADT) for SMP configuration information
[    0.000000] smpboot: Allowing 2 CPUs, 0 hotplug CPUs
[    0.000000] PM: Registered nosave memory: [mem 0x00000000-0x00000fff]
[    0.000000] PM: Registered nosave memory: [mem 0x0009f000-0x0009ffff]
[    0.000000] PM: Registered nosave memory: [mem 0x000a0000-0x000effff]
[    0.000000] PM: Registered nosave memory: [mem 0x000f0000-0x000fffff]
[    0.000000] e820: [mem 0x20000000-0xfebfffff] available for PCI devices
[    0.000000] Booting paravirtualized kernel on KVM
[    0.000000] clocksource: refined-jiffies: mask: 0xffffffff max_cycles: 0xffffffff, max_idle_ns: 7645519600211568 ns
[    0.000000] setup_percpu: NR_CPUS:8192 nr_cpumask_bits:2 nr_cpu_ids:2 nr_node_ids:1
[    0.000000] percpu: Embedded 50 pages/cpu s167936 r8192 d28672 u1048576
[    0.000000] PV qspinlock hash table entries: 256 (order: 0, 4096 bytes)
[    0.000000] Built 1 zonelists, mobility grouping on.  Total pages: 128889
[    0.000000] Policy zone: DMA32
[    0.000000] Kernel command line: BOOT_IMAGE=/boot/vmlinuz-4.15.0-212-generic root=LABEL=cloudimg-rootfs ro console=tty1 console=ttyS0
[    0.000000] Memory: 466548K/523832K available (12300K kernel code, 2477K rwdata, 4324K rodata, 2480K init, 2720K bss, 57284K reserved, 0K cma-reserved)
[    0.000000] SLUB: HWalign=64, Order=0-3, MinObjects=0, CPUs=2, Nodes=1
[    0.000000] Kernel/User page tables isolation: enabled
[    0.000000] ftrace: allocating 39508 entries in 155 pages
[    0.004000] Hierarchical RCU implementation.
[    0.004000] 	RCU restricting CPUs from NR_CPUS=8192 to nr_cpu_ids=2.
[    0.004000] 	Tasks RCU enabled.
[    0.004000] RCU: Adjusting geometry for rcu_fanout_leaf=16, nr_cpu_ids=2
[    0.004000] NR_IRQS: 524544, nr_irqs: 440, preallocated irqs: 16
[    0.004000] random: crng init done
[    0.004000] Console: colour VGA+ 80x25
[    0.004000] console [tty1] enabled
[    0.004000] console [ttyS0] enabled
[    0.004000] ACPI: Core revision 20170831
[    0.004000] ACPI: 2 ACPI AML tables successfully acquired and loaded
[    0.004000] APIC: Switch to symmetric I/O mode setup
[    0.004000] x2apic enabled
[    0.004023] Switched APIC routing to physical x2apic.
[    0.012000] ..TIMER: vector=0x30 apic1=0 pin1=2 apic2=-1 pin2=-1
[    0.012007] tsc: Detected 2992.910 MHz processor
[    0.016013] Calibrating delay loop (skipped) preset value.. 5985.82 BogoMIPS (lpj=11971640)
[    0.020006] pid_max: default: 32768 minimum: 301
[    0.024048] Security Framework initialized
[    0.028006] Yama: becoming mindful.
[    0.032038] AppArmor: AppArmor initialized
[    0.036115] Dentry cache hash table entries: 65536 (order: 7, 524288 bytes)
[    0.040053] Inode-cache hash table entries: 32768 (order: 6, 262144 bytes)
[    0.044023] Mount-cache hash table entries: 1024 (order: 1, 8192 bytes)
[    0.048013] Mountpoint-cache hash table entries: 1024 (order: 1, 8192 bytes)
[    0.056212] Last level iTLB entries: 4KB 64, 2MB 8, 4MB 8
[    0.060005] Last level dTLB entries: 4KB 64, 2MB 0, 4MB 0, 1GB 4
[    0.064020] Spectre V1 : Mitigation: usercopy/swapgs barriers and __user pointer sanitization
[    0.068006] Spectre V2 : Mitigation: Retpolines
[    0.072005] Spectre V2 : Spectre v2 / SpectreRSB mitigation: Filling RSB on context switch
[    0.076006] Spectre V2 : Spectre v2 / SpectreRSB : Filling RSB on VMEXIT
[    0.080006] Speculative Store Bypass: Vulnerable
[    0.084114] MDS: Mitigation: Clear CPU buffers
[    0.088017] MMIO Stale Data: Mitigation: Clear CPU buffers
[    0.092272] Freeing SMP alternatives memory: 36K
[    0.210096] smpboot: CPU0: Intel(R) Xeon(R) Gold 6248R CPU @ 3.00GHz (family: 0x6, model: 0x4f, stepping: 0x0)
[    0.212124] Performance Events: unsupported p6 CPU model 79 no PMU driver, software events only.
[    0.216089] Hierarchical SRCU implementation.
[    0.220754] NMI watchdog: Perf event create on CPU 0 failed with -2
[    0.224006] NMI watchdog: Perf NMI watchdog permanently disabled
[    0.228084] smp: Bringing up secondary CPUs ...
[    0.232122] x86: Booting SMP configuration:
[    0.236005] .... node  #0, CPUs:      #1
[    0.004000] kvm-clock: cpu 1, msr 0:1ff44041, secondary cpu clock
[    0.256063] smp: Brought up 1 node, 2 CPUs
[    0.260010] smpboot: Max logical packages: 1
[    0.264007] smpboot: Total of 2 processors activated (11971.64 BogoMIPS)
[    0.268175] devtmpfs: initialized
[    0.272065] x86/mm: Memory block size: 128MB
[    0.276141] evm: security.selinux
[    0.280003] evm: security.SMACK64
[    0.284004] evm: security.SMACK64EXEC
[    0.288004] evm: security.SMACK64TRANSMUTE
[    0.292004] evm: security.SMACK64MMAP
[    0.300005] evm: security.apparmor
[    0.304004] evm: security.ima
[    0.308004] evm: security.capability
[    0.312133] clocksource: jiffies: mask: 0xffffffff max_cycles: 0xffffffff, max_idle_ns: 7645041785100000 ns
[    0.316031] futex hash table entries: 512 (order: 3, 32768 bytes)
[    0.320066] pinctrl core: initialized pinctrl subsystem
[    0.324385] RTC time: 19:31:48, date: 03/09/24
[    0.328390] NET: Registered protocol family 16
[    0.332085] audit: initializing netlink subsys (disabled)
[    0.340040] audit: type=2000 audit(1710012714.793:1): state=initialized audit_enabled=0 res=1
[    0.348012] cpuidle: using governor ladder
[    0.352014] cpuidle: using governor menu
[    0.356060] ACPI: bus type PCI registered
[    0.360005] acpiphp: ACPI Hot Plug PCI Controller Driver version: 0.5
[    0.364372] PCI: Using configuration type 1 for base access
[    0.368979] HugeTLB registered 2.00 MiB page size, pre-allocated 0 pages
[    0.372095] ACPI: Added _OSI(Module Device)
[    0.376008] ACPI: Added _OSI(Processor Device)
[    0.380009] ACPI: Added _OSI(3.0 _SCP Extensions)
[    0.384005] ACPI: Added _OSI(Processor Aggregator Device)
[    0.388044] ACPI: Added _OSI(Linux-Dell-Video)
[    0.392006] ACPI: Added _OSI(Linux-Lenovo-NV-HDMI-Audio)
[    0.396006] ACPI: Added _OSI(Linux-HPI-Hybrid-Graphics)
[    0.401212] ACPI: Executed 1 blocks of module-level executable AML code
[    0.409644] ACPI: Interpreter enabled
[    0.412023] ACPI: (supports S0 S5)
[    0.416004] ACPI: Using IOAPIC for interrupt routing
[    0.426728] PCI: Using host bridge windows from ACPI; if necessary, use "pci=nocrs" and report a bug
[    0.428502] ACPI: Enabled 2 GPEs in block 00 to 07
[    0.448597] ACPI: PCI Root Bridge [PCI0] (domain 0000 [bus 00-ff])
[    0.452014] acpi PNP0A03:00: _OSC: OS supports [ASPM ClockPM Segments MSI]
[    0.456729] acpi PNP0A03:00: _OSC: not requesting OS control; OS requires [ExtendedConfig ASPM ClockPM MSI]
[    0.460022] acpi PNP0A03:00: fail to add MMCONFIG information, can't access extended PCI configuration space under this bridge.
[    0.465272] PCI host bridge to bus 0000:00
[    0.468000] pci_bus 0000:00: root bus resource [io  0x0000-0x0cf7 window]
[    0.468007] pci_bus 0000:00: root bus resource [io  0x0d00-0xffff window]
[    0.472005] pci_bus 0000:00: root bus resource [mem 0x000a0000-0x000bffff window]
[    0.476005] pci_bus 0000:00: root bus resource [mem 0x20000000-0xfdffffff window]
[    0.480005] pci_bus 0000:00: root bus resource [bus 00-ff]
[    0.496721] pci 0000:00:01.1: legacy IDE quirk: reg 0x10: [io  0x01f0-0x01f7]
[    0.500005] pci 0000:00:01.1: legacy IDE quirk: reg 0x14: [io  0x03f6]
[    0.504006] pci 0000:00:01.1: legacy IDE quirk: reg 0x18: [io  0x0170-0x0177]
[    0.508005] pci 0000:00:01.1: legacy IDE quirk: reg 0x1c: [io  0x0376]
[    0.608086] pci 0000:00:07.0: quirk: [io  0x4000-0x403f] claimed by PIIX4 ACPI
[    0.612077] pci 0000:00:07.0: quirk: [io  0x4100-0x410f] claimed by PIIX4 SMB
[    0.682905] ACPI: PCI Interrupt Link [LNKA] (IRQs 5 9 10 *11)
[    0.684628] ACPI: PCI Interrupt Link [LNKB] (IRQs 5 9 *10 11)
[    0.688326] ACPI: PCI Interrupt Link [LNKC] (IRQs 5 *9 10 11)
[    0.696245] ACPI: PCI Interrupt Link [LNKD] (IRQs 5 9 10 *11)
[    0.705483] SCSI subsystem initialized
[    0.708542] pci 0000:00:02.0: vgaarb: setting as boot VGA device
[    0.712000] pci 0000:00:02.0: vgaarb: VGA device added: decodes=io+mem,owns=io+mem,locks=none
[    0.716003] pci 0000:00:02.0: vgaarb: bridge control possible
[    0.720005] vgaarb: loaded
[    0.724132] ACPI: bus type USB registered
[    0.728129] usbcore: registered new interface driver usbfs
[    0.732053] usbcore: registered new interface driver hub
[    0.736029] usbcore: registered new device driver usb
[    0.740158] EDAC MC: Ver: 3.0.0
[    0.745268] PCI: Using ACPI for IRQ routing
[    0.752587] NetLabel: Initializing
[    0.756003] NetLabel:  domain hash size = 128
[    0.760003] NetLabel:  protocols = UNLABELED CIPSOv4 CALIPSO
[    0.764060] NetLabel:  unlabeled traffic allowed by default
[    0.768610] clocksource: Switched to clocksource kvm-clock
[    0.781576] VFS: Disk quotas dquot_6.6.0
[    0.781576] VFS: Dquot-cache hash table entries: 512 (order 0, 4096 bytes)
[    0.781576] AppArmor: AppArmor Filesystem Enabled
[    0.781576] pnp: PnP ACPI init
[    0.781576] pnp: PnP ACPI: found 3 devices
[    0.862169] clocksource: acpi_pm: mask: 0xffffff max_cycles: 0xffffff, max_idle_ns: 2085701024 ns
[    0.864321] NET: Registered protocol family 2
[    0.864321] IP idents hash table entries: 8192 (order: 4, 65536 bytes)
[    0.895397] TCP established hash table entries: 4096 (order: 3, 32768 bytes)
[    0.905268] TCP bind hash table entries: 4096 (order: 4, 65536 bytes)
[    0.915076] TCP: Hash tables configured (established 4096 bind 4096)
[    0.922306] UDP hash table entries: 256 (order: 1, 8192 bytes)
[    0.928905] UDP-Lite hash table entries: 256 (order: 1, 8192 bytes)
[    0.935775] NET: Registered protocol family 1
[    0.940863] pci 0000:00:00.0: Limiting direct PCI/PCI transfers
[    0.947429] pci 0000:00:01.0: Activating ISA DMA hang workarounds
[    0.954380] pci 0000:00:02.0: Video device with shadowed ROM at [mem 0x000c0000-0x000dffff]
[    0.963917] Unpacking initramfs...
[    1.401876] Freeing initrd memory: 19528K
[    1.406495] clocksource: tsc: mask: 0xffffffffffffffff max_cycles: 0x2b241c1650e, max_idle_ns: 440795334257 ns
[    1.416916] platform rtc_cmos: registered platform RTC device (no PNP device found)
[    1.424793] Scanning for low memory corruption every 60 seconds
[    1.432322] Initialise system trusted keyrings
[    1.437198] Key type blacklist registered
[    1.441740] workingset: timestamp_bits=36 max_order=17 bucket_order=0
[    1.449430] zbud: loaded
[    1.453308] squashfs: version 4.0 (2009/01/31) Phillip Lougher
[    1.459819] fuse init (API version 7.26)
[    1.477831] Key type asymmetric registered
[    1.482433] Asymmetric key parser 'x509' registered
[    1.487719] Block layer SCSI generic (bsg) driver version 0.4 loaded (major 246)
[    1.496060] io scheduler noop registered
[    1.500376] io scheduler deadline registered
[    1.505089] io scheduler cfq registered (default)
[    1.510980] ACPI: AC Adapter [AC] (on-line)
[    1.515917] input: Power Button as /devices/LNXSYSTM:00/LNXPWRBN:00/input/input0
[    1.523870] ACPI: Power Button [PWRF]
[    1.528344] input: Sleep Button as /devices/LNXSYSTM:00/LNXSLPBN:00/input/input1
[    1.535891] ACPI: Sleep Button [SLPF]
[    1.540906] Serial: 8250/16550 driver, 32 ports, IRQ sharing enabled
[    1.575161] 00:02: ttyS0 at I/O 0x3f8 (irq = 4, base_baud = 115200) is a 16550A
[    1.590723] Linux agpgart interface v0.103
[    1.598926] loop: module loaded
[    1.605095] scsi host0: ata_piix
[    1.609653] scsi host1: ata_piix
[    1.614063] ata1: PATA max UDMA/33 cmd 0x1f0 ctl 0x3f6 bmdma 0xd000 irq 14
[    1.621785] ata2: PATA max UDMA/33 cmd 0x170 ctl 0x376 bmdma 0xd008 irq 15
[    1.629847] tun: Universal TUN/TAP device driver, 1.6
[    1.635982] PPP generic driver version 2.4.2
[    1.641362] ehci_hcd: USB 2.0 'Enhanced' Host Controller (EHCI) Driver
[    1.648391] ehci-pci: EHCI PCI platform driver
[    1.653568] ehci-platform: EHCI generic platform driver
[    1.659550] ohci_hcd: USB 1.1 'Open' Host Controller (OHCI) Driver
[    1.666118] ohci-pci: OHCI PCI platform driver
[    1.670075] ohci-platform: OHCI generic platform driver
[    1.676881] uhci_hcd: USB Universal Host Controller Interface driver
[    1.683944] i8042: PNP: PS/2 Controller [PNP0303:PS2K,PNP0f03:PS2M] at 0x60,0x64 irq 1,12
[    1.695224] serio: i8042 KBD port at 0x60,0x64 irq 1
[    1.700725] serio: i8042 AUX port at 0x60,0x64 irq 12
[    1.707012] mousedev: PS/2 mouse device common for all mice
[    1.716690] input: AT Translated Set 2 keyboard as /devices/platform/i8042/serio0/input/input2
[    1.724234] rtc_cmos rtc_cmos: rtc core: registered rtc_cmos as rtc0
[    1.734968] rtc_cmos rtc_cmos: alarms up to one day, 114 bytes nvram
[    1.743740] i2c /dev entries driver
[    1.749072] device-mapper: uevent: version 1.0.3
[    1.755548] device-mapper: ioctl: 4.37.0-ioctl (2017-09-20) initialised: dm-devel@redhat.com
[    1.766135] ledtrig-cpu: registered to indicate activity on CPUs
[    1.775358] NET: Registered protocol family 10
[    1.789086] Segment Routing with IPv6
[    1.803771] NET: Registered protocol family 17
[    1.809073] Key type dns_resolver registered
[    1.863421] mce: Using 0 MCE banks
[    1.868690] RAS: Correctable Errors collector initialized.
[    1.876068] sched_clock: Marking stable (1875932785, 0)->(2922678138, -1046745353)
[    1.886776] registered taskstats version 1
[    1.891689] Loading compiled-in X.509 certificates
[    1.902472] Loaded X.509 cert 'Build time autogenerated kernel key: b5b26778eaa3ab3a4a6cee031137706e947d12ad'
[    1.915223] Loaded X.509 cert 'Canonical Ltd. Live Patch Signing: 14df34d1a87cf37625abec039ef2bf521249b969'
[    1.930837] Loaded X.509 cert 'Canonical Ltd. Kernel Module Signing: 88f752e560a1e0737e31163a466ad7b70a850c19'
[    1.948764] blacklist: Loading compiled-in revocation X.509 certificates
[    1.959777] Loaded X.509 cert 'Canonical Ltd. Secure Boot Signing: 61482aa2830d0ab2ad5af10b7250da9033ddcef0'
[    1.993235] Loaded X.509 cert 'Canonical Ltd. Secure Boot Signing (2017): 242ade75ac4a15e50d50c84b0d45ff3eae707a03'
[    2.030335] Loaded X.509 cert 'Canonical Ltd. Secure Boot Signing (ESM 2018): 365188c1d374d6b07c3c8f240f8ef722433d6a8b'
[    2.046059] Loaded X.509 cert 'Canonical Ltd. Secure Boot Signing (2019): c0746fd6c5da3ae827864651ad66ae47fe24b3e8'
[    2.058622] Loaded X.509 cert 'Canonical Ltd. Secure Boot Signing (2021 v1): a8d54bbb3825cfb94fa13c9f8a594a195c107b8d'
[    2.071842] Loaded X.509 cert 'Canonical Ltd. Secure Boot Signing (2021 v2): 4cf046892d6fd3c9a5b03f98d845f90851dc6a8c'
[    2.083702] Loaded X.509 cert 'Canonical Ltd. Secure Boot Signing (2021 v3): 100437bb6de6e469b581e61cd66bce3ef4ed53af'
[    2.095618] Loaded X.509 cert 'Canonical Ltd. Secure Boot Signing (Ubuntu Core 2019): c1d57b8f6b743f23ee41f4f7ee292f06eecadfb9'
[    2.108620] zswap: loaded using pool lzo/zbud
[    2.122627] Key type big_key registered
[    2.127788] Key type trusted registered
[    2.136825] Key type encrypted registered
[    2.142209] AppArmor: AppArmor sha1 policy hashing enabled
[    2.149032] ima: No TPM chip found, activating TPM-bypass! (rc=-19)
[    2.156553] ima: Allocated hash algorithm: sha1
[    2.162324] evm: HMAC attrs: 0x1
[    2.167987]   Magic number: 0:152:546
[    2.172911] tty ttyS22: hash matches
[    2.177683] mem null: hash matches
[    2.182639] rtc_cmos rtc_cmos: setting system clock to 2024-03-09 19:31:50 UTC (1710012710)
[    2.192793] BIOS EDD facility v0.16 2004-Jun-25, 0 devices found
[    2.199902] EDD information not available.
[    2.212037] Freeing unused kernel image memory: 2480K
[    2.232134] Write protecting the kernel read-only data: 20480k
[    2.243883] Freeing unused kernel image memory: 2008K
[    2.253736] Freeing unused kernel image memory: 1820K
[    2.270688] x86/mm: Checked W+X mappings: passed, no W+X pages found.
[    2.279130] x86/mm: Checking user space page tables
[    2.295401] x86/mm: Checked W+X mappings: passed, no W+X pages found.
Loading, please wait...
starting version 237
[    2.406854] Fusion MPT base driver 3.04.20
[    2.412987] Copyright (c) 1999-2008 LSI Corporation
[    2.423220] e1000: Intel(R) PRO/1000 Network Driver - version 7.3.21-k8-NAPI
[    2.430911] e1000: Copyright (c) 1999-2006 Intel Corporation.
[    2.467233] AVX2 version of gcm_enc/dec engaged.
[    2.473718] AES CTR mode by8 optimization enabled
[    2.483549] Fusion MPT SPI Host driver 3.04.20
[    2.692687] input: ImExPS/2 Generic Explorer Mouse as /devices/platform/i8042/serio1/input/input4
[    3.986358] e1000 0000:00:03.0 eth0: (PCI:33MHz:32-bit) 02:3b:7b:b7:3b:2d
[    3.995008] e1000 0000:00:03.0 eth0: Intel(R) PRO/1000 Network Connection
[    5.199998] e1000 0000:00:08.0 eth1: (PCI:33MHz:32-bit) 08:00:27:f4:51:6f
[    5.206940] e1000 0000:00:08.0 eth1: Intel(R) PRO/1000 Network Connection
[    5.220067] e1000 0000:00:03.0 enp0s3: renamed from eth0
[    5.227558] mptbase: ioc0: Initiating bringup
[    5.240451] e1000 0000:00:08.0 enp0s8: renamed from eth1
[    5.337633] ioc0: LSI53C1030 A0: Capabilities={Initiator}
[    5.602308] scsi host2: ioc0: LSI53C1030 A0, FwRev=00000000h, Ports=1, MaxQ=256, IRQ=20
[    5.777437] scsi 2:0:0:0: Direct-Access     VBOX     HARDDISK         1.0  PQ: 0 ANSI: 5
[    5.939043] scsi target2:0:0: Beginning Domain Validation
[    5.948801] scsi target2:0:0: Domain Validation skipping write tests
[    5.955910] scsi target2:0:0: Ending Domain Validation
[    5.962249] scsi target2:0:0: asynchronous
[    5.968079] scsi 2:0:1:0: Direct-Access     VBOX     HARDDISK         1.0  PQ: 0 ANSI: 5
[    6.938714] scsi target2:0:1: Beginning Domain Validation
[    6.947500] scsi target2:0:1: Domain Validation skipping write tests
[    6.953806] scsi target2:0:1: Ending Domain Validation
[    6.959358] scsi target2:0:1: asynchronous
[    6.971889] sd 2:0:0:0: [sda] 83886080 512-byte logical blocks: (42.9 GB/40.0 GiB)
[    6.979946] sd 2:0:0:0: [sda] Write Protect is off
[    6.985460] sd 2:0:0:0: [sda] Incomplete mode parameter data
[    6.991432] sd 2:0:0:0: [sda] Assuming drive cache: write through
[    6.999254] sd 2:0:0:0: Attached scsi generic sg0 type 0
[    7.006914] sd 2:0:1:0: Attached scsi generic sg1 type 0
[    7.013635] sd 2:0:1:0: [sdb] 20480 512-byte logical blocks: (10.5 MB/10.0 MiB)
[    7.022421] sd 2:0:1:0: [sdb] Write Protect is off
[    7.028182]  sda: sda1
[    7.032069] sd 2:0:1:0: [sdb] Incomplete mode parameter data
[    7.038505] sd 2:0:1:0: [sdb] Assuming drive cache: write through
[    7.039465] sd 2:0:0:0: [sda] Attached SCSI disk
[    7.058949] sd 2:0:1:0: [sdb] Attached SCSI disk
Begin: Loading essential drivers ... [   10.808182] raid6: sse2x1   gen() 15853 MB/s
[   10.885216] raid6: sse2x1   xor()  6631 MB/s
[   10.946113] raid6: sse2x2   gen() 10268 MB/s
[   10.996301] raid6: sse2x2   xor()  5241 MB/s
[   11.081852] raid6: sse2x4   gen() 14754 MB/s
[   11.227623] raid6: sse2x4   xor() 21516 MB/s
[   11.327780] raid6: avx2x1   gen() 18736 MB/s
[   11.520855] raid6: avx2x1   xor() 23186 MB/s
[   11.593895] raid6: avx2x2   gen() 29782 MB/s
[   11.685833] raid6: avx2x2   xor() 17975 MB/s
[   11.808019] raid6: avx2x4   gen() 47701 MB/s
[   11.929099] raid6: avx2x4   xor() 36562 MB/s
[   11.934845] raid6: using algorithm avx2x4 gen() 47701 MB/s
[   11.941029] raid6: .... xor() 36562 MB/s, rmw enabled
[   11.946714] raid6: using avx2x2 recovery algorithm
[   11.954579] xor: automatically using best checksumming function   avx       
[   11.965226] async_tx: api initialized (async)
done.
Begin: Running /scripts/init-premount ... done.
Begin: Mounting root file system ... Begin: Running /scripts/local-top ... done.
Begin: Running /scripts/local-premount ... [   12.066976] Btrfs loaded, crc32c=crc32c-intel
Scanning for Btrfs filesystems
done.
Warning: fsck not present, so skipping root file system
[   12.212974] EXT4-fs (sda1): mounted filesystem with ordered data mode. Opts: (null)
done.
Begin: Running /scripts/local-bottom ... done.
Begin: Running /scripts/init-bottom ... done.
[   12.570998] ip_tables: (C) 2000-2006 Netfilter Core Team
[   12.601520] systemd[1]: systemd 237 running in system mode. (+PAM +AUDIT +SELINUX +IMA +APPARMOR +SMACK +SYSVINIT +UTMP +LIBCRYPTSETUP +GCRYPT +GNUTLS +ACL +XZ +LZ4 +SECCOMP +BLKID +ELFUTILS +KMOD -IDN2 +IDN -PCRE2 default-hierarchy=hybrid)
[   12.623966] systemd[1]: Detected virtualization oracle.
[   12.630397] systemd[1]: Detected architecture x86-64.

Welcome to [1mUbuntu 18.04.6 LTS[0m!

[   12.658820] systemd[1]: Set hostname to <ubuntu>.
[   12.670057] systemd[1]: Initializing machine ID from random generator.
[   12.676864] systemd[1]: Installed transient /etc/machine-id file.
[   13.136476] systemd[1]: Set up automount Arbitrary Executable File Formats File System Automount Point.
[[0;32m  OK  [0m] Set up automount Arbitrary Executabâ€¦rmats File System Automount Point.
[   13.156108] systemd[1]: Reached target Swap.
[[0;32m  OK  [0m] Reached target Swap.
[   13.166478] systemd[1]: Started Forward Password Requests to Wall Directory Watch.
[[0;32m  OK  [0m] Started Forward Password Requests to Wall Directory Watch.
[   13.183803] systemd[1]: Reached target Mounting snaps.
[[0;32m  OK  [0m] Reached target Mounting snaps.
[[0;32m  OK  [0m] Reached target User and Group Name Lookups.
[[0;32m  OK  [0m] Reached target Mounted snaps.
[[0;32m  OK  [0m] Reached target System Time Synchronized.
[[0;32m  OK  [0m] Created slice System Slice.
[[0;32m  OK  [0m] Listening on Device-mapper event daemon FIFOs.
[[0;32m  OK  [0m] Listening on /dev/initctl Compatibility Named Pipe.
[[0;32m  OK  [0m] Listening on udev Control Socket.
[[0;32m  OK  [0m] Listening on LVM2 poll daemon socket.
[[0;32m  OK  [0m] Listening on Network Service Netlink Socket.
[[0;32m  OK  [0m] Listening on udev Kernel Socket.
[[0;32m  OK  [0m] Listening on LVM2 metadata daemon socket.
[[0;32m  OK  [0m] Listening on Journal Socket.
         Starting Load Kernel Modules...
         Mounting POSIX Message Queue File System...
         Starting Monitoring of LVM2 mirrorsâ€¦ng dmeventd or progress polling...
         Starting udev Coldplug all Devices...
         Mounting Kernel Debug File System...
[[0;32m  OK  [0m] [   13.368332] Loading iSCSI transport class v2.0-870.
Listening on Syslog Socket.
         Starting Uncomplicated firewall...
[[0;32m  OK  [0m] Listening on Journal Audit Socket.
         Starting Set the console keyboard layout...
[[0;32m  OK  [0m] Listening on Journal Socket (/dev/log).
[[0;32m  OK  [0m] Created slice system-serial\x2dgetty.slice.
         Starting Create list of required stâ€¦ce nodes for the current kernel...
[[0;32m  OK  [0m] Listening on fsck to fsckd communication Socket.
         Starting File System Check on Root Device...
         Mounting Huge Pages File System...
         Starting Journal Service...
[[0;32m  OK  [0m] Created slice User and Session Slice.
[[0;32m  OK  [0m] Reached target Slices.
[   13.479208] iscsi: registered transport (tcp)
[   13.513873] iscsi: registered transport (iser)
[[0;32m  OK  [0m] Started Load Kernel Modules.
[[0;32m  OK  [0m] Started Journal Service.
[[0;32m  OK  [0m] Mounted POSIX Message Queue File System.
[[0;32m  OK  [0m] Mounted Kernel Debug File System.
[[0;32m  OK  [0m] Started Uncomplicated firewall.
[[0;32m  OK  [0m] Started Create list of required staâ€¦vice nodes for the current kernel.
[[0;32m  OK  [0m] Started File System Check on Root Device.
[[0;32m  OK  [0m] Mounted Huge Pages File System.
[[0;32m  OK  [0m] Started LVM2 metadata daemon.
[[0;32m  OK  [0m] Started File System Check Daemon to report status.
         Starting Remount Root and Kernel File Systems...
         Starting Create Static Device Nodes in /dev...
         Starting Apply Kernel Variables...
         Mounting FUSE Control File System...
         Mounting Kernel Configuration File System...
[[0;32m  OK  [0m] Started udev Coldplug all Devices.
[[0;32m  OK  [0m] Mounted FUSE Control File System.
[[0;32m  OK  [0m] Mounted Kernel Configuration File System.
[[0;32m  OK  [0m] Started Create Static Device Nodes in /dev.
[[0;32m  OK  [0m] Started Apply Kernel Variables.
[[0;32m  OK  [0m] Started Monitoring of LVM2 mirrors,â€¦sing dmeventd or progress polling.
[[0;32m  OK  [0m] Started Remount Root and Kernel File Systems.
         Starting Load/Save Random Seed...
         Starting udev Kernel Device Manager...
         Starting Flush Journal to Persistent Storage...
[[0;32m  OK  [0m] Started Load/Save Random Seed.
[[0;32m  OK  [0m] Started udev Kernel Device Manager.
[[0;32m  OK  [0m] Started Flush Journal to Persistent Storage.
[[0;32m  OK  [0m] Found device /dev/ttyS0.
[[0;32m  OK  [0m] Listening on Load/Save RF Kill Switch Status /dev/rfkill Watch.
         Mounting Arbitrary Executable File Formats File System...
[[0;32m  OK  [0m] Mounted Arbitrary Executable File Formats File System.
[[0;32m  OK  [0m] Started Set the console keyboard layout.
[[0;32m  OK  [0m] Started Dispatch Password Requests to Console Directory Watch.
[[0;32m  OK  [0m] Reached target Local Encrypted Volumes.
[[0;32m  OK  [0m] Reached target Local File Systems (Pre).
[[0;32m  OK  [0m] Reached target Local File Systems.
         Starting Set console font and keymap...
         Starting Create Volatile Files and Directories...
         Starting AppArmor initialization...
         Starting Tell Plymouth To Write Out Runtime Data...
         Starting ebtables ruleset management...
         Starting Commit a transient machine-id on disk...
[[0;32m  OK  [0m] Started Create Volatile Files and Directories.
         Starting Update UTMP about System Boot/Shutdown...
[[0;32m  OK  [0m] Started Tell Plymouth To Write Out Runtime Data.
[[0;32m  OK  [0m] Started Update UTMP about System Boot/Shutdown.
[[0;32m  OK  [0m] Started Commit a transient machine-id on disk.
[[0;32m  OK  [0m] Started ebtables ruleset management.
[[0;32m  OK  [0m] Started AppArmor initialization.
         Starting Initial cloud-init job (pre-networking)...
         Starting Load AppArmor profiles managed internally by snapd...
[[0;32m  OK  [0m] Started Load AppArmor profiles managed internally by snapd.
[   19.702273] cloud-init[698]: Cloud-init v. 23.1.2-0ubuntu0~18.04.1 running 'init-local' at Sat, 09 Mar 2024 19:32:07 +0000. Up 19.00 seconds.
[[0;32m  OK  [0m] Started Initial cloud-init job (pre-networking).
[[0;32m  OK  [0m] Reached target Network (Pre).
         Starting Network Service...
[[0;32m  OK  [0m] Started Set console font and keymap.
[[0;32m  OK  [0m] Started Network Service.
         Starting Network Name Resolution...
         Starting Wait for Network to be Configured...
[[0;32m  OK  [0m] Started Network Name Resolution.
[[0;32m  OK  [0m] Reached target Host and Network Name Lookups.
[[0;32m  OK  [0m] Reached target Network.
[[0;32m  OK  [0m] Started Wait for Network to be Configured.
         Starting Initial cloud-init job (metadata service crawler)...
[   22.897541] cloud-init[982]: Cloud-init v. 23.1.2-0ubuntu0~18.04.1 running 'init' at Sat, 09 Mar 2024 19:32:11 +0000. Up 22.75 seconds.
[   22.905286] cloud-init[982]: ci-info: ++++++++++++++++++++++++++++++++++++++Net device info+++++++++++++++++++++++++++++++++++++++
[   22.911984] cloud-init[982]: ci-info: +--------+-------+----------------------------+---------------+--------+-------------------+
[   22.918928] cloud-init[982]: ci-info: | Device |   Up  |          Address           |      Mask     | Scope  |     Hw-Address    |
[   22.925825] cloud-init[982]: ci-info: +--------+-------+----------------------------+---------------+--------+-------------------+
[   22.932785] cloud-init[982]: ci-info: | enp0s3 |  True |         10.0.2.15          | 255.255.255.0 | global | 02:3b:7b:b7:3b:2d |
[   22.939761] cloud-init[982]: ci-info: | enp0s3 |  True | fe80::3b:7bff:feb7:3b2d/64 |       .       |  link  | 02:3b:7b:b7:3b:2d |
[   22.946585] cloud-init[982]: ci-info: | enp0s8 | False |             .              |       .       |   .    | 08:00:27:f4:51:6f |
[   22.953518] cloud-init[982]: ci-info: |   lo   |  True |         127.0.0.1          |   255.0.0.0   |  host  |         .         |
[   22.960690] cloud-init[982]: ci-info: |   lo   |  True |          ::1/128           |       .       |  host  |         .         |
[   22.967660] cloud-init[982]: ci-info: +--------+-------+----------------------------+---------------+--------+-------------------+
[   22.974795] cloud-init[982]: ci-info: ++++++++++++++++++++++++++++Route IPv4 info+++++++++++++++++++++++++++++
[   22.980785] cloud-init[982]: ci-info: +-------+-------------+----------+-----------------+-----------+-------+
[   22.986769] cloud-init[982]: ci-info: | Route | Destination | Gateway  |     Genmask     | Interface | Flags |
[   22.993259] cloud-init[982]: ci-info: +-------+-------------+----------+-----------------+-----------+-------+
[   22.999528] cloud-init[982]: ci-info: |   0   |   0.0.0.0   | 10.0.2.2 |     0.0.0.0     |   enp0s3  |   UG  |
[   23.005875] cloud-init[982]: ci-info: |   1   |   10.0.2.0  | 0.0.0.0  |  255.255.255.0  |   enp0s3  |   U   |
[   23.012505] cloud-init[982]: ci-info: |   2   |   10.0.2.2  | 0.0.0.0  | 255.255.255.255 |   enp0s3  |   UH  |
[   23.018819] cloud-init[982]: ci-info: +-------+-------------+----------+-----------------+-----------+-------+
[   23.024742] cloud-init[982]: ci-info: +++++++++++++++++++Route IPv6 info+++++++++++++++++++
[   23.029875] cloud-init[982]: ci-info: +-------+-------------+---------+-----------+-------+
[   23.034907] cloud-init[982]: ci-info: | Route | Destination | Gateway | Interface | Flags |
[   23.040309] cloud-init[982]: ci-info: +-------+-------------+---------+-----------+-------+
[   23.045963] cloud-init[982]: ci-info: |   1   |  fe80::/64  |    ::   |   enp0s3  |   U   |
[   23.051383] cloud-init[982]: ci-info: |   3   |    local    |    ::   |   enp0s3  |   U   |
[   23.057011] cloud-init[982]: ci-info: |   4   |   ff00::/8  |    ::   |   enp0s3  |   U   |
[   23.062425] cloud-init[982]: ci-info: +-------+-------------+---------+-----------+-------+
[   24.516278] cloud-init[982]: Generating public/private rsa key pair.
[   24.527311] cloud-init[982]: Your identification has been saved in /etc/ssh/ssh_host_rsa_key.
[   24.535160] cloud-init[982]: Your public key has been saved in /etc/ssh/ssh_host_rsa_key.pub.
[   24.543648] cloud-init[982]: The key fingerprint is:
[   24.551182] cloud-init[982]: SHA256:+ZZ6cYBisoQZTWRLhaoLAfj76Fr8Asyg07dnOdkhXY0 root@ubuntu-bionic
[   24.559473] cloud-init[982]: The key's randomart image is:
[   24.565761] cloud-init[982]: +---[RSA 2048]----+
[   24.571308] cloud-init[982]: |.  +=o.          |
[   24.577275] cloud-init[982]: |o .oo.           |
[   24.582976] cloud-init[982]: |.. =.    . o     |
[   24.590489] cloud-init[982]: |o = o o ..E .    |
[   24.595790] cloud-init[982]: |=+ o + oS. .     |
[   24.606483] cloud-init[982]: |*+o o . o....    |
[   24.613650] cloud-init[982]: |.+o+ . = .+o     |
[   24.620979] cloud-init[982]: |..o.o * .o.      |
[   24.626632] cloud-init[982]: |.o...o ...       |
[   24.634299] cloud-init[982]: +----[SHA256]-----+
[   24.639942] cloud-init[982]: Generating public/private dsa key pair.
[   24.646924] cloud-init[982]: Your identification has been saved in /etc/ssh/ssh_host_dsa_key.
[   24.660288] cloud-init[982]: Your public key has been saved in /etc/ssh/ssh_host_dsa_key.pub.
[   24.669925] cloud-init[982]: The key fingerprint is:
[   24.734529] cloud-init[982]: SHA256:AUkKnWRaARhmwpGaY5hEEy1T03MvsAODWyzL8zHB3j8 root@ubuntu-bionic
[   24.777032] [[0;32m  OK  [0m] Started Initial cloud-init job (metadata service crawler).
cloud-init[982]: The key's randomart image is:
[[0;32m  OK  [0m] Reached target System Initialization.
[   24.797885] cloud-init[982]: [[0;32m  OK  [0m] Listening on cloud-init hotplug hook socket.
[[0;32m  OK  [0m] Started Message of the Day.
[[0;32m  OK  [0m] Listening on Open-iSCSI iscsid Socket.
[[0;32m  OK  [0m] Listening on D-Bus System Message Bus Socket.
+---[DSA 1024]----+[[0;32m  OK  [0m] Started ACPI Events Check.
[[0;32m  OK  [0m] Started Daily apt download activities.
[[0;32m  OK  [0m] Reached target Paths.
[[0;32m  OK  [0m] Started Ubuntu Advantage Timer for running repeated jobs.

[   24.859665] cloud-init[982]: |=X%**+o.         |
[   24.864120] cloud-init[982]: |=O.&+=.o         |
         Starting LXD - unix socket.
[   24.878600] [[0;32m  OK  [0m] Started Daily apt upgrade and clean activities.
[[0;32m  OK  [0m] Listening on ACPID Listen Socket.
cloud-init[982]: |=oX * = o        |
         Starting Socket activation for snappy daemon.
[   24.900312] [[0;32m  OK  [0m] Started Discard unused blocks once a week.
[cloud-init[982]: |** + + . o       |[0;32m  OK  [0m] Listening on UUID daemon activation socket.
[[0;32m  OK  [0m] Started Daily Cleanup of Temporary Directories.
[[0;32m  OK  [0m] Reached target Timers.
[[0;32m  OK  [0m] Reached target Cloud-config availability.
[[0;32m  OK  [0m] Reached target Network is Online.
         
Starting Availability of block devices...
[[0;32m  OK  [0m] Reached target Remote File Systems (Pre).
[   25.027936] cloud-init[982]: [[0;32m  OK  [0m] Reached target Remote File Systems.
[[0;32m  OK  [0m] Listening on LXD - unix socket.
[[0;32m  OK  [0m] Listening on Socket activation for snappy daemon.
[[0;32m  OK  [0m] Started Availability of block devices.
[[0;32m  OK  [0m] Reached target Sockets.
[[0;32m  OK  [0m] Reached target Basic System.
         Starting System Logging Service...
         Starting Dispatcher daemon for systemd-networkd...
         Starting Virtualbox guest utils...
         Starting Accounts Service...
|..o o o S        |
[   25.099026] [[0;32m  OK  [0m] Started FUSE filesystem for LXC.
cloud-init[982]: |   .   E         |
[   25.107384] cloud-init[982]:          Starting Pollinate to seed the pseudo random number generator...
|        .        |
[   25.124387] cloud-init         Starting LSB: Record successful boot for GRUB...
         Starting LSB: automatic crash report generation...
         Starting Login Service...
         Starting Permit User Sessions...
[982]: |                 |
[   25.250177] cloud-init[982]: |                 |
[   25.270778] cloud-init[982]: +----[SHA256]-----+
[[0;32m  OK  [0m] Started irqbalance daemon.
[[0;32m  OK  [0m] Started D-Bus System Message Bus.
[   25.292388] cloud-init[982]: Generating public/private ecdsa key pair.
[   25.330936] cloud-init[982]: Your identification has been saved in /etc/ssh/ssh_host_ecdsa_key.
[   25.395192] cloud-init[982]: Your public key has been saved in /etc/ssh/ssh_host_ecdsa_key.pub.
[   25.428590] cloud-init[982]: The key fingerprint is:
[   25.438751] cloud-init[982]: SHA256:epxWbpcpKvJoHBxy09x8Dh5QCJcW9tZqoonE2+JrPrw root@ubuntu-bionic
[   25.463196] cloud-init[982]: The key's randomart image is:
[   25.514600] cloud-init[982]: +---[ECDSA 256]---+
[   25.537293] cloud-init[982]: |    ..+=.        |
[   25.569081] cloud-init[982]: |     o=. .       |
[   25.584624] cloud-init[982]: |     + +o .      |
[   25.602176] cloud-init[982]: | .. + o.=..      |
[   25.643107] cloud-init[982]: |  o+ o..S=.      |
[   25.707118] cloud-init[982]: | . +oo =.+.  o   |
[   25.712261] cloud-init[982]: | .+.+.. = + +    |
[   25.723284] cloud-init[982]: | .+.+..o o o     |
[   25.791512] cloud-init[982]: | oE=.o...        |
[   25.802543] cloud-init[982]: +----[SHA256]-----+
[   25.829370] cloud-init[982]: Generating public/private ed25519 key pair.
[   25.847385] cloud-init[982]: Your identification has been saved in /etc/ssh/ssh_host_ed25519_key.
[[0;32m  OK  [0m] Started Login Service.
[[0;32m  OK  [0m] Started Unattended Upgrades Shutdown.
[[   25.864531] [0;32m  OK  [0m] Started Deferred execution scheduler.
cloud-init[982]: Your public key has been saved in /etc/ssh/ssh_host_ed25519_key.pub.
[   25.957276] [[0;32m  OK  [0m] Reached target Login Prompts (Pre).
cloud-init[982]: The key fingerprint is:
[   25.976959] cloud-init[982]: SHA256:3QpDh3xed8lIRx8q4nIn654u8iTZon17+BizVDYR2FQ root@ubuntu-bionic
[   26.010731] cloud-init[982]: The key's randomart image is:
[   26.073435]          Starting Snap Daemon...
cloud-init[982]: +--[ED25519 256]--+
[   26.082229] cloud-init[982]: |        +o.E ..+ |
[   26.096121] cloud-init[982]: |       o o. . = +|
[   26.106024] cloud-init[982]: |        +oo..o.oo|
[   26.123482] cloud-init[982]: |       ..=oo.. . |
[   26.135228] cloud-init[982]: |       .SBo..    |
[   26.151566] cloud-init[982]: |      o =o=.     |
[   26.163390] cloud-init[982]: |     + *...      |
[   26.184690] cloud-init[982]: |    o.=+*..      |
[[0;32m  OK  [0m] Started Regular background program processing daemon.
         Starting LXD - container startup/shutdown...
[   26.215672] cloud-init[982]: |   . .+=B*       |
[   26.243513] cloud-init[982]: +----[SHA256]-----+
[[0;32m  OK  [0m] Started System Logging Service.
[[0;32m  OK  [0m] Started Permit User Sessions.
         Starting Authorization Manager...
         Starting Terminate Plymouth Boot Screen...
         Starting Hold until boot process finishes up...
[[0;32m  OK  [0m] Started Hold until boot process finishes up.
[[0;32m  OK  [0m] Started Serial Getty on ttyS0.
         Starting Set console scheme...
[[0;32m  OK  [0m] Started Terminate Plymouth Boot Screen.
[[0;32m  OK  [0m] Started LSB: automatic crash report generation.
[[0;32m  OK  [0m] Started Set console scheme.
[[0;32m  OK  [0m] Created slice system-getty.slice.
[[0;32m  OK  [0m] Started Getty on tty1.
[[0;32m  OK  [0m] Reached target Login Prompts.
[[0;32m  OK  [0m] Started Authorization Manager.
[[0;32m  OK  [0m] Started Accounts Service.
[[0;32m  OK  [0m] Started LSB: Record successful boot for GRUB.
[[0;32m  OK  [0m] Started Virtualbox guest utils.
[[0;32m  OK  [0m] Started Dispatcher daemon for systemd-networkd.
[[0;32m  OK  [0m] Started LXD - container startup/shutdown.
[[0;32m  OK  [0m] Started Pollinate to seed the pseudo random number generator.
         Starting OpenBSD Secure Shell server...
[[0;32m  OK  [0m] Started OpenBSD Secure Shell server.
[[0;32m  OK  [0m] Started Snap Daemon.
         Starting Wait until snapd is fully seeded...
[[0;32m  OK  [0m] Created slice User Slice of vagrant.
         Starting User Manager for UID 1000...
[[0;32m  OK  [0m] Started Session 1 of user vagrant.
[[0;32m  OK  [0m] Started User Manager for UID 1000.
         Starting Time & Date Service...
[[0;32m  OK  [0m] Started Time & Date Service.

Ubuntu 18.04.6 LTS ubuntu-bionic ttyS0

ubuntu-bionic login: [   35.161581] cloud-init[1594]: Cloud-init v. 23.1.2-0ubuntu0~18.04.1 running 'modules:config' at Sat, 09 Mar 2024 19:32:22 +0000. Up 34.52 seconds.
ci-info: no authorized SSH keys fingerprints found for user ubuntu.
<14>Mar  9 19:32:24 cloud-init: #############################################################
<14>Mar  9 19:32:24 cloud-init: -----BEGIN SSH HOST KEY FINGERPRINTS-----
<14>Mar  9 19:32:24 cloud-init: 1024 SHA256:AUkKnWRaARhmwpGaY5hEEy1T03MvsAODWyzL8zHB3j8 root@ubuntu-bionic (DSA)
<14>Mar  9 19:32:24 cloud-init: 256 SHA256:epxWbpcpKvJoHBxy09x8Dh5QCJcW9tZqoonE2+JrPrw root@ubuntu-bionic (ECDSA)
<14>Mar  9 19:32:24 cloud-init: 256 SHA256:3QpDh3xed8lIRx8q4nIn654u8iTZon17+BizVDYR2FQ root@ubuntu-bionic (ED25519)
<14>Mar  9 19:32:24 cloud-init: 2048 SHA256:+ZZ6cYBisoQZTWRLhaoLAfj76Fr8Asyg07dnOdkhXY0 root@ubuntu-bionic (RSA)
<14>Mar  9 19:32:24 cloud-init: -----END SSH HOST KEY FINGERPRINTS-----
<14>Mar  9 19:32:24 cloud-init: #############################################################
-----BEGIN SSH HOST KEY KEYS-----
ecdsa-sha2-nistp256 AAAAE2VjZHNhLXNoYTItbmlzdHAyNTYAAAAIbmlzdHAyNTYAAABBBC4si0IHSDGc4AJVdEvaKBb1ebPqnVWwaIH9EKLvSWIYEahJjVP+LrfXwLjVoQUzKElJXXJV90oiHHrU/XJ88WQ= root@ubuntu-bionic
ssh-ed25519 AAAAC3NzaC1lZDI1NTE5AAAAIGHcHDsRQTx/NKdnRhtsTMn0La4Gq/XdkE3s1z9MLNsH root@ubuntu-bionic
ssh-rsa AAAAB3NzaC1yc2EAAAADAQABAAABAQDAZQegc9N4xt6LYlVp+Sjq8UNnDrPkgvSdFfOHnRMnRk/IjD3LL/R78JX4+N5lBmrxWsniCL5pW7VrX8oNSaBXmCkwfGugzmnCKEB7MpdBLU+ZoZHw+5F6C+46usdTc5PmWgR07ciHbzarPDusyEv0Wf0I8CJs57t82eWoDvCJ6zBk7yeHh1dI0LC/8LimOPZ1AWgIDnta5Whl8UHsp8zttQytZbSAhuMO09m1ie/oBi156Uv9HGpe606oS+yqVqUX9kyx02A1NKut6cuPyjbGQ5O1n56G49eva5CKGV5GSSziF2TNZfl3Fv1G96o4sVI1n9RBPYVpg1/94Tb7ttBl root@ubuntu-bionic
-----END SSH HOST KEY KEYS-----
[   36.260945] cloud-init[1706]: Cloud-init v. 23.1.2-0ubuntu0~18.04.1 running 'modules:final' at Sat, 09 Mar 2024 19:32:24 +0000. Up 35.89 seconds.
[   36.275495] cloud-init[1706]: Cloud-init v. 23.1.2-0ubuntu0~18.04.1 finished at Sat, 09 Mar 2024 19:32:24 +0000. Datasource DataSourceNoCloud [seed=/dev/sdb][dsmode=net].  Up 36.15 seconds
